$ node scripts/run-bun-tests.js tests/expect-red.test.js --test-name-pattern "expect-red: (installer recovery|command line|install transaction coverage)"
bun test v1.3.5 (1e86cebd)

tests\expect-red.test.js:
(pass) expect-red: installer recovery > only the complete reviewed inventory is accepted, without duplicates or extra failures [140.00ms]
(pass) expect-red: installer recovery > the captured red from the unfixed installer is the known red
(pass) expect-red: installer recovery > an additional owner-byte loss cannot hide behind the expected recovery failures
(pass) expect-red: installer recovery > an unexpected pass fails and says how to retire the wrapper
(pass) expect-red: installer recovery > a red with harness check twin:child-failed-at-injection failing is the wrong red
(pass) expect-red: installer recovery > a red with harness check twin:residue-non-empty failing is the wrong red
(pass) expect-red: installer recovery > a red with harness check fresh:wrapper-child-failed-at-injection failing is the wrong red
(pass) expect-red: installer recovery > a red with harness check upgrade:first-install-succeeded failing is the wrong red
(pass) expect-red: installer recovery > a red with harness check upgrade:picked-files-installed failing is the wrong red
(pass) expect-red: installer recovery > a red with harness check upgrade:wrapper-child-failed-at-injection failing is the wrong red
(pass) expect-red: installer recovery > a red with harness check upgrade:child-rewrote-picked-files failing is the wrong red
(pass) expect-red: installer recovery > a red that never ran harness check twin:child-failed-at-injection is the wrong red
(pass) expect-red: installer recovery > a red that never ran harness check twin:residue-non-empty is the wrong red
(pass) expect-red: installer recovery > a red that never ran harness check fresh:wrapper-child-failed-at-injection is the wrong red
(pass) expect-red: installer recovery > a red that never ran harness check upgrade:first-install-succeeded is the wrong red [16.00ms]
(pass) expect-red: installer recovery > a red that never ran harness check upgrade:picked-files-installed is the wrong red
(pass) expect-red: installer recovery > a red that never ran harness check upgrade:wrapper-child-failed-at-injection is the wrong red
(pass) expect-red: installer recovery > a red that never ran harness check upgrade:child-rewrote-picked-files is the wrong red
(pass) expect-red: installer recovery > a red in which fresh:outcome-exact passes is not the known red [16.00ms]
(pass) expect-red: installer recovery > a red in which fresh:top-level-exact-allowlist passes is not the known red
(pass) expect-red: installer recovery > a red in which fresh:transaction-directory-shape passes is not the known red
(pass) expect-red: installer recovery > a red in which upgrade:outcome-exact passes is not the known red
(pass) expect-red: installer recovery > a red in which upgrade:transaction-directory-shape passes is not the known red
(pass) expect-red: installer recovery > a missing compose is the wrong red
(pass) expect-red: installer recovery > a crash with no report and an unexpected exit status are both refused
(pass) expect-red: install transaction coverage > the captured red from the skeleton is the known red
(pass) expect-red: install transaction coverage > a case failing for any reason other than an unbuilt operation is the wrong red
(pass) expect-red: install transaction coverage > a coverage shortfall on landed code is the wrong red, on either stream
(pass) expect-red: install transaction coverage > nothing failing, a crash with no summary, and a miscounted summary are all refused
(pass) expect-red: command line > the gate command is read from package.json, not copied
(pass) expect-red: command line > exits 0 on the known red, 1 on anything else, 2 on misuse [15.00ms]

 31 pass
 2 filtered out
 0 fail
 148 expect() calls
Ran 31 tests across 1 file. [382.00ms]
