$ node scripts/run-bun-tests.js tests/expect-red.test.js --test-name-pattern "expect-red: (installer recovery|install transaction coverage)"
bun test v1.3.5 (1e86cebd)

tests\expect-red.test.js:
(pass) expect-red: installer recovery > recovery evidence must match the explicitly supplied source bytes and host [125.00ms]
(pass) expect-red: installer recovery > independent context must contain unambiguous relative paths and real residue [47.00ms]
(pass) expect-red: installer recovery > malformed, interrupted and cleanup-failed reports return diagnostics instead of acceptance or exceptions [62.00ms]
(pass) expect-red: installer recovery > known failure labels cannot conceal missing, contradictory or additional observations [781.00ms]
(pass) expect-red: installer recovery > only the complete reviewed inventory is accepted, without duplicates or extra failures [813.00ms]
(pass) expect-red: installer recovery > the captured red from the unfixed installer is the known red
(pass) expect-red: installer recovery > an additional owner-byte loss cannot hide behind the expected recovery failures [15.00ms]
(pass) expect-red: installer recovery > an unexpected pass fails and says how to retire the wrapper
(pass) expect-red: installer recovery > a red with harness check twin:child-failed-at-injection failing is the wrong red [16.00ms]
(pass) expect-red: installer recovery > a red with harness check twin:residue-non-empty failing is the wrong red
(pass) expect-red: installer recovery > a red with harness check fresh:wrapper-child-failed-at-injection failing is the wrong red [16.00ms]
(pass) expect-red: installer recovery > a red with harness check upgrade:first-install-succeeded failing is the wrong red
(pass) expect-red: installer recovery > a red with harness check upgrade:picked-files-installed failing is the wrong red [15.00ms]
(pass) expect-red: installer recovery > a red with harness check upgrade:wrapper-child-failed-at-injection failing is the wrong red
(pass) expect-red: installer recovery > a red with harness check upgrade:child-rewrote-picked-files failing is the wrong red [16.00ms]
(pass) expect-red: installer recovery > a red that never ran harness check twin:child-failed-at-injection is the wrong red
(pass) expect-red: installer recovery > a red that never ran harness check twin:residue-non-empty is the wrong red
(pass) expect-red: installer recovery > a red that never ran harness check fresh:wrapper-child-failed-at-injection is the wrong red [16.00ms]
(pass) expect-red: installer recovery > a red that never ran harness check upgrade:first-install-succeeded is the wrong red [15.00ms]
(pass) expect-red: installer recovery > a red that never ran harness check upgrade:picked-files-installed is the wrong red
(pass) expect-red: installer recovery > a red that never ran harness check upgrade:wrapper-child-failed-at-injection is the wrong red [16.00ms]
(pass) expect-red: installer recovery > a red that never ran harness check upgrade:child-rewrote-picked-files is the wrong red
(pass) expect-red: installer recovery > a red in which fresh:outcome-exact passes is not the known red [15.00ms]
(pass) expect-red: installer recovery > a red in which fresh:top-level-exact-allowlist passes is not the known red [16.00ms]
(pass) expect-red: installer recovery > a red in which fresh:transaction-directory-shape passes is not the known red
(pass) expect-red: installer recovery > a red in which upgrade:outcome-exact passes is not the known red [16.00ms]
(pass) expect-red: installer recovery > a red in which upgrade:transaction-directory-shape passes is not the known red [15.00ms]
(pass) expect-red: installer recovery > a missing compose is the wrong red
(pass) expect-red: installer recovery > a crash with no report and an unexpected exit status are both refused [16.00ms]
(pass) expect-red: install transaction coverage > affirmative coverage requires both exact files, every metric and consistent aggregate counts [250.00ms]
(pass) expect-red: install transaction coverage > coverage refuses malformed or interrupted runs and TAP tokens disguised as table rows
(pass) expect-red: install transaction coverage > the reviewed 51-case render-only red is the known red [16.00ms]
(pass) expect-red: install transaction coverage > old skeleton evidence and any incomplete or changed case inventory are refused [437.00ms]
(pass) expect-red: install transaction coverage > TAP framing, terminal counts and bounded render failure diagnostics are mandatory [31.00ms]
(pass) expect-red: install transaction coverage > only the actual error field can establish the permitted render failure
(pass) expect-red: install transaction coverage > a case failing for any reason other than an unbuilt operation is the wrong red
(pass) expect-red: install transaction coverage > a coverage shortfall on landed code is the wrong red, on either stream
(pass) expect-red: install transaction coverage > nothing failing, a crash with no summary, and a miscounted summary are all refused

 38 pass
 14 filtered out
 0 fail
 565 expect() calls
Ran 38 tests across 1 file. [3.32s]
