▶ expect-red: recovery observation contract
  ✔ fresh owner and displaced comparisons each detect a removed assertion (1673.4399ms)
  ✔ aborted harness, absent trace and unreadable transaction remain rejected with cleanup (940.7127ms)
  ✔ private environment clears case aliases of inherited runtime cache paths (251.4212ms)
  ✔ runtime exceptions never permit deletion, extra descendants, type or link substitution (2015.7019ms)
  ✔ exact Windows runtime creation and regular-file updates preserve owner data (268.2708ms)
  ✔ private runtime environment is initialized before complete home observations (299.1603ms)
  ✔ outside-target deletion, byte damage and extra entries fail in both scenarios (1997.4919ms)
  ✔ outside-target damage controls detect a removed home comparison (639.4425ms)
  ✔ the real harness recognizes complete private quarantine and restored owner data (341.691ms)
  ✔ the real harness emits observation-error before and after partial observation (1332.0876ms)
  ✔ cleanup failure still emits a rejected report and names its retained fixture (209.4366ms)
  ✔ the disposable upgrade independently checks owner preservation (19965.1605ms)
  ✔ known failures retain complete typed observations independently of diagnostic truncation (4.0389ms)
✔ expect-red: recovery observation contract (29941.7312ms)
▶ expect-red: installer recovery
  ✔ Windows home-state paths reject illegal characters and reserved device names (55.1403ms)
  ✔ home maps reject incomplete, malformed, aliased and falsely preserved evidence (171.164ms)
  ✔ runtime changes are Windows-only; preserved arbitrary owner files and links remain valid (19.1183ms)
  ✔ the captured 27-check private-home report satisfies the approved inventory (4.8061ms)
  ✔ a real abort-shaped report keeps its failed harness diagnostic without context (1.0898ms)
  ✔ supplied malformed termination markers are never treated as absent (0.5658ms)
  ✔ host-specific identity rules and contradictory pass details are checked (16.3489ms)
  ✔ recovery evidence must match the explicitly supplied source bytes and host (79.8579ms)
  ✔ independent context must contain unambiguous relative paths and real residue (34.7468ms)
  ✔ a self-consistent smaller twin cannot silently drop a reviewed root (6.7109ms)
  ✔ malformed, interrupted and cleanup-failed reports return diagnostics instead of acceptance or exceptions (53.3525ms)
  ✔ known failure labels cannot conceal missing, contradictory or additional observations (538.4844ms)
  ✔ only the complete reviewed inventory is accepted, without duplicates or extra failures (489.6261ms)
  ✔ the captured red from the unfixed installer is the known red (5.8017ms)
  ✔ an additional owner-byte loss cannot hide behind the expected recovery failures (4.742ms)
  ✔ an unexpected pass fails and says how to retire the wrapper (1.7042ms)
  ✔ a red with harness check twin:child-failed-at-injection failing is the wrong red (5.8135ms)
  ✔ a red with harness check twin:residue-non-empty failing is the wrong red (5.9843ms)
  ✔ a red with harness check fresh:wrapper-child-failed-at-injection failing is the wrong red (4.1347ms)
  ✔ a red with harness check upgrade:first-install-succeeded failing is the wrong red (4.0271ms)
  ✔ a red with harness check upgrade:picked-files-installed failing is the wrong red (5.0668ms)
  ✔ a red with harness check upgrade:wrapper-child-failed-at-injection failing is the wrong red (6.5702ms)
  ✔ a red with harness check upgrade:child-rewrote-picked-files failing is the wrong red (6.4511ms)
  ✔ a red that never ran harness check twin:child-failed-at-injection is the wrong red (6.7888ms)
  ✔ a red that never ran harness check twin:residue-non-empty is the wrong red (6.7581ms)
  ✔ a red that never ran harness check fresh:wrapper-child-failed-at-injection is the wrong red (7.3026ms)
  ✔ a red that never ran harness check upgrade:first-install-succeeded is the wrong red (4.2031ms)
  ✔ a red that never ran harness check upgrade:picked-files-installed is the wrong red (5.9204ms)
  ✔ a red that never ran harness check upgrade:wrapper-child-failed-at-injection is the wrong red (6.5789ms)
  ✔ a red that never ran harness check upgrade:child-rewrote-picked-files is the wrong red (4.266ms)
  ✔ a red in which fresh:outcome-exact passes is not the known red (4.2642ms)
  ✔ a red in which fresh:top-level-exact-allowlist passes is not the known red (6.5334ms)
  ✔ a red in which fresh:transaction-directory-shape passes is not the known red (4.2615ms)
  ✔ a red in which upgrade:outcome-exact passes is not the known red (4.1749ms)
  ✔ a red in which upgrade:transaction-directory-shape passes is not the known red (6.5432ms)
  ✔ a missing compose is the wrong red (0.3669ms)
  ✔ a crash with no report and an unexpected exit status are both refused (3.5337ms)
✔ expect-red: installer recovery (1595.7034ms)
▶ expect-red: install transaction coverage
  ✔ supplied malformed termination markers are never treated as absent (1.0533ms)
  ✔ affirmative coverage requires both exact files, every metric and consistent aggregate counts (47.7655ms)
  ✔ coverage refuses malformed or interrupted runs and TAP tokens disguised as table rows (2.1876ms)
  ✔ coverage aliases, malformed tables and truncated TAP are rejected (8.4323ms)
  ✔ a normalized alias cannot replace the exact covered source identity (1.0856ms)
  ✔ decision controls detect independently weakened recovery and coverage guards (260.4032ms)
  ✔ the reviewed 51-case render-only red is the known red (1.2699ms)
  ✔ old skeleton evidence and any incomplete or changed case inventory are refused (98.4214ms)
  ✔ TAP framing, terminal counts and bounded render failure diagnostics are mandatory (12.9578ms)
  ✔ only the actual error field can establish the permitted render failure (0.8719ms)
  ✔ a case failing for any reason other than an unbuilt operation is the wrong red (0.7907ms)
  ✔ a coverage shortfall on landed code is the wrong red, on either stream (1.1732ms)
  ✔ nothing failing, a crash with no summary, and a miscounted summary are all refused (1.9411ms)
✔ expect-red: install transaction coverage (439.2168ms)
▶ expect-red: command line
  ✔ Node capture preserves a complete structured report larger than one MiB (133.0035ms)
  ✔ repository ESLint rejects unsafe code under both repaired CJS paths (1771.4433ms)
  ✔ the actual Node CLI validates the live coverage gate through private c8 capture (21609.1235ms)
  ✔ coverage ignore directives in either watched module refuse before execution (22.8759ms)
  ✔ capture bounds execution and isolates inherited test and coverage configuration (9.0984ms)
  ✔ inherited Node options refuse before child execution for both gates (15.7422ms)
  ✔ capture faults cannot pass or silently discard uncertain evidence (157.7237ms)
  ✔ cleanup never removes a scratch path outside its exact ownership convention (16.324ms)
  ✔ coverage capture uses a new private report and V8 directory on every invocation (25.2551ms)
  ✔ source or validator changes during capture invalidate the report (59.9183ms)
  ✔ the package command is parsed from the same bytes as its evidence digest (4.4932ms)
  ✔ the runner prints source identities and runtime provenance with its verdict (9.7991ms)
  ✔ c8 executes the same explicit Node runtime that captured the evidence (7.3352ms)
  ✔ the production gate refuses Bun before spawning a child (0.4774ms)
  ✔ the gate command is read from package.json, not copied (1.6328ms)
  ✔ package commands cannot weaken coverage or redirect the reviewed gate (1.3884ms)
  ✔ exits 0 on the known red, 1 on anything else, 2 on misuse (24.0447ms)
✔ expect-red: command line (23871.5049ms)
ℹ tests 80
ℹ suites 4
ℹ pass 80
ℹ fail 0
ℹ cancelled 0
ℹ skipped 0
ℹ todo 0
ℹ duration_ms 56348.3797
-------------------------|---------|----------|---------|---------|-------------------
File                     | % Stmts | % Branch | % Funcs | % Lines | Uncovered Line #s 
-------------------------|---------|----------|---------|---------|-------------------
All files                |     100 |      100 |     100 |     100 |                   
 scripts                 |     100 |      100 |     100 |     100 |                   
  expect-red.cjs         |     100 |      100 |     100 |     100 |                   
 tests/acceptance        |     100 |      100 |     100 |     100 |                   
  installer-recovery.cjs |     100 |      100 |     100 |     100 |                   
-------------------------|---------|----------|---------|---------|-------------------
